main (main, 4 tasks x 100 seeds)
  gb1-anchor/random: ran 100 (2.2s each), 0 cached
  gb1-anchor/random+surrogate: ran 100 (7.3s each), 0 cached
  gb1-anchor/hill-climb: ran 100 (6.0s each), 0 cached
  gb1-anchor/genetic: ran 100 (5.7s each), 0 cached
  gb1-anchor/genetic+proxy: ran 100 (6.0s each), 0 cached
  gb1-anchor/genetic-feasible: ran 100 (6.0s each), 0 cached
  gb1-anchor/gfn-tb: ran 100 (21.2s each), 0 cached
  gb1-anchor/gfn-contrastive: ran 100 (21.5s each), 0 cached
  feasibility/random: ran 100 (0.4s each), 0 cached
  feasibility/random+surrogate: ran 100 (6.3s each), 0 cached
Traceback (most recent call last):
  File "/mnt/d/Programmation/GFlowsNets DirectedEvolution/experiments/run_suite.py", line 168, in <module>
    return 2

  File "/mnt/d/Programmation/GFlowsNets DirectedEvolution/experiments/run_suite.py", line 154, in main
    if args.task:

  File "/mnt/d/Programmation/GFlowsNets DirectedEvolution/src/evoflownet/benchmark/suite.py", line 346, in run_tier
    return sum(run_task(task, methods, store, tier.seeds, report=report) for task in tier.tasks)
           ^^^^^^^^^^^^^^^^^^^^^^^^^^^^^^^^^^^^^^^^^^^^^^^^^^^^^^^^^^^^^^^^^^^^^^^^^^^^^^^^^^^^^
  File "/mnt/d/Programmation/GFlowsNets DirectedEvolution/src/evoflownet/benchmark/suite.py", line 346, in <genexpr>
    return sum(run_task(task, methods, store, tier.seeds, report=report) for task in tier.tasks)
               ^^^^^^^^^^^^^^^^^^^^^^^^^^^^^^^^^^^^^^^^^^^^^^^^^^^^^^^^^
  File "/mnt/d/Programmation/GFlowsNets DirectedEvolution/src/evoflownet/benchmark/suite.py", line 276, in run_task
    result = campaign.run()
             ^^^^^^^^^^^^^^
  File "/mnt/d/Programmation/GFlowsNets DirectedEvolution/src/evoflownet/loop/campaign.py", line 183, in run
    proposed, screened, batch, predicted = self._design(
                                           ^^^^^^^^^^^^^
  File "/mnt/d/Programmation/GFlowsNets DirectedEvolution/src/evoflownet/loop/campaign.py", line 256, in _design
    self._surrogate.fit(np.concatenate(measured), np.concatenate(values))
  File "/mnt/d/Programmation/GFlowsNets DirectedEvolution/src/evoflownet/surrogate/ensemble.py", line 152, in fit
    raise ValueError("cannot fit a surrogate when no observation is finite")
ValueError: cannot fit a surrogate when no observation is finite
