main (main, 1 tasks x 100 seeds)
  feasibility/random: 100 seeds cached
  feasibility/random+surrogate: 100 seeds cached
Traceback (most recent call last):
  File "/mnt/d/Programmation/GFlowsNets DirectedEvolution/experiments/run_suite.py", line 187, in <module>
    raise SystemExit(main())
                     ^^^^^^
  File "/mnt/d/Programmation/GFlowsNets DirectedEvolution/experiments/run_suite.py", line 173, in main
    ran = run_tier(tier, methods_for(tier), store, report=_flush)  # type: ignore[arg-type]
          ^^^^^^^^^^^^^^^^^^^^^^^^^^^^^^^^^^^^^^^^^^^^^^^^^^^^^^^
  File "/mnt/d/Programmation/GFlowsNets DirectedEvolution/src/evoflownet/benchmark/suite.py", line 346, in run_tier
    return sum(run_task(task, methods, store, tier.seeds, report=report) for task in tier.tasks)
           ^^^^^^^^^^^^^^^^^^^^^^^^^^^^^^^^^^^^^^^^^^^^^^^^^^^^^^^^^^^^^^^^^^^^^^^^^^^^^^^^^^^^^
  File "/mnt/d/Programmation/GFlowsNets DirectedEvolution/src/evoflownet/benchmark/suite.py", line 346, in <genexpr>
    return sum(run_task(task, methods, store, tier.seeds, report=report) for task in tier.tasks)
               ^^^^^^^^^^^^^^^^^^^^^^^^^^^^^^^^^^^^^^^^^^^^^^^^^^^^^^^^^
  File "/mnt/d/Programmation/GFlowsNets DirectedEvolution/src/evoflownet/benchmark/suite.py", line 276, in run_task
    result = campaign.run()
             ^^^^^^^^^^^^^^
  File "/mnt/d/Programmation/GFlowsNets DirectedEvolution/src/evoflownet/loop/campaign.py", line 183, in run
    proposed, screened, batch, predicted = self._design(
                                           ^^^^^^^^^^^^^
  File "/mnt/d/Programmation/GFlowsNets DirectedEvolution/src/evoflownet/loop/campaign.py", line 256, in _design
    self._surrogate.fit(np.concatenate(measured), np.concatenate(values))
  File "/mnt/d/Programmation/GFlowsNets DirectedEvolution/src/evoflownet/surrogate/ensemble.py", line 152, in fit
    raise ValueError("cannot fit a surrogate when no observation is finite")
ValueError: cannot fit a surrogate when no observation is finite
