rounds-curve (diagnostic, 1 tasks x 50 seeds)
  rounds-8x48/random: 50 seeds cached
  rounds-8x48/random+surrogate: 50 seeds cached
  rounds-8x48/hill-climb: 50 seeds cached
  rounds-8x48/genetic: 50 seeds cached
  rounds-8x48/genetic+proxy: 50 seeds cached
  rounds-8x48/genetic-feasible: 50 seeds cached
  rounds-8x48/gfn-tb: 50 seeds cached
  rounds-8x48/gfn-contrastive: 50 seeds cached
rounds-curve: ran 0 campaigns

rounds-8x48  [8x48: 8x48=384]
  random             regret   0.856 +/- 0.004  feas 0.083  div  4.84  spent    384  n=50
  random+surrogate   regret   0.873 +/- 0.002  feas 0.025  div  6.25  spent    384  n=50
  hill-climb         regret   0.845 +/- 0.007  feas 0.235  div  2.44  spent    384  n=50
  genetic            regret   0.870 +/- 0.002  feas 0.037  div  5.78  spent    384  n=50
  genetic+proxy      regret   0.871 +/- 0.002  feas 0.028  div  3.72  spent    384  n=50
  genetic-feasible   regret   0.716 +/- 0.016  feas 1.000  div  4.59  spent    384  n=50
  gfn-tb             regret   0.662 +/- 0.010  feas 1.000  div  6.52  spent    384  n=50
  gfn-contrastive    regret   0.670 +/- 0.011  feas 1.000  div  6.57  spent    384  n=50
  paired vs genetic+proxy (positive favours the first):
    random: +0.015 [+0.006, +0.024]* t=3.28  wins 12/50
    random+surrogate: -0.001 [-0.007, +0.004]  t=-0.44  wins 2/50
        inconclusive; ~1995 seeds would resolve this
    hill-climb: +0.026 [+0.012, +0.041]* t=3.66  wins 18/50
    genetic: +0.001 [-0.001, +0.004]  t=1.00  wins 1/50
        inconclusive; ~393 seeds would resolve this
    genetic-feasible: +0.155 [+0.124, +0.186]* t=9.94  wins 45/50
    gfn-tb: +0.209 [+0.188, +0.229]* t=20.47  wins 50/50
    gfn-contrastive: +0.201 [+0.179, +0.223]* t=18.21  wins 48/50

total 1s
store: results
  budget-96/random: 50 seeds
  budget-96/random+surrogate: 33 seeds
  feasibility/hill-climb: 1 seeds
  feasibility/random: 100 seeds
  feasibility/random+surrogate: 100 seeds
  gb1-anchor/genetic: 100 seeds
  gb1-anchor/genetic+proxy: 100 seeds
  gb1-anchor/genetic-feasible: 100 seeds
  gb1-anchor/gfn-contrastive: 100 seeds
  gb1-anchor/gfn-tb: 100 seeds
  gb1-anchor/hill-climb: 100 seeds
  gb1-anchor/random: 100 seeds
  gb1-anchor/random+surrogate: 100 seeds
  large-space/genetic: 30 seeds
  large-space/genetic+proxy: 30 seeds
  large-space/genetic-feasible: 30 seeds
  large-space/gfn-contrastive: 30 seeds
  large-space/gfn-tb: 30 seeds
  large-space/hill-climb: 30 seeds
  large-space/random: 30 seeds
  large-space/random+surrogate: 30 seeds
  objectives/gfn-contrastive: 50 seeds
  objectives/gfn-db: 50 seeds
  objectives/gfn-fldb: 50 seeds
  objectives/gfn-subtb: 50 seeds
  objectives/gfn-tb: 50 seeds
  rounds-4x96/genetic: 50 seeds
  rounds-4x96/genetic+proxy: 50 seeds
  rounds-4x96/genetic-feasible: 50 seeds
  rounds-4x96/gfn-contrastive: 50 seeds
  rounds-4x96/gfn-tb: 50 seeds
  rounds-4x96/hill-climb: 50 seeds
  rounds-4x96/random: 50 seeds
  rounds-4x96/random+surrogate: 50 seeds
  rounds-8x48/genetic: 50 seeds
  rounds-8x48/genetic+proxy: 50 seeds
  rounds-8x48/genetic-feasible: 50 seeds
  rounds-8x48/gfn-contrastive: 50 seeds
  rounds-8x48/gfn-tb: 50 seeds
  rounds-8x48/hill-climb: 50 seeds
  rounds-8x48/random: 50 seeds
  rounds-8x48/random+surrogate: 50 seeds
