budget-gradient (diagnostic, 1 tasks x 50 seeds)
  budget-384/random: ran 50 (0.4s each), 0 cached
  budget-384/random+surrogate: ran 50 (6.1s each), 0 cached
  budget-384/hill-climb: ran 50 (6.7s each), 0 cached
  budget-384/genetic: ran 50 (5.8s each), 0 cached
  budget-384/genetic+proxy: ran 50 (6.7s each), 0 cached
  budget-384/genetic-feasible: ran 50 (11.1s each), 0 cached
  budget-384/gfn-tb: ran 50 (64.1s each), 0 cached
  budget-384/gfn-contrastive: ran 50 (70.1s each), 0 cached
budget-gradient: ran 400 campaigns

budget-384  [4x96=384]
  gfn-tb             regret   0.688 +/- 0.015  feas 1.000  div  6.87  spent    384  n=28
  gfn-contrastive    regret   0.676 +/- 0.011  feas 1.000  div  6.87  spent    384  n=50

total 8549s
store: results
  budget-1000/genetic: 50 seeds  (50 stale: ['loop'])
  budget-1000/genetic+proxy: 50 seeds  (14 stale: ['loop'])
  budget-1000/genetic-feasible: 50 seeds
  budget-1000/gfn-tb: 8 seeds
  budget-1000/hill-climb: 50 seeds  (50 stale: ['loop'])
  budget-1000/random: 50 seeds  (50 stale: ['loop'])
  budget-1000/random+surrogate: 50 seeds  (50 stale: ['loop'])
  budget-10000/genetic: 50 seeds  (3 stale: ['loop'])
  budget-10000/genetic+proxy: 29 seeds
  budget-10000/hill-climb: 50 seeds  (50 stale: ['loop'])
  budget-10000/random: 50 seeds  (50 stale: ['loop'])
  budget-10000/random+surrogate: 50 seeds  (50 stale: ['loop'])
  budget-384/genetic: 50 seeds  (50 stale: ['loop'])
  budget-384/genetic+proxy: 50 seeds  (50 stale: ['loop'])
  budget-384/genetic-feasible: 50 seeds  (50 stale: ['loop'])
  budget-384/gfn-contrastive: 50 seeds
  budget-384/gfn-tb: 50 seeds  (22 stale: ['loop'])
  budget-384/hill-climb: 50 seeds  (50 stale: ['loop'])
  budget-384/random: 50 seeds  (50 stale: ['loop'])
  budget-384/random+surrogate: 50 seeds  (50 stale: ['loop'])
  budget-96/random: 50 seeds  (50 stale: ['loop'])
  budget-96/random+surrogate: 33 seeds  (33 stale: ['loop'])
  feasibility/genetic: 22 seeds  (22 stale: ['loop'])
  feasibility/hill-climb: 100 seeds  (100 stale: ['loop'])
  feasibility/random: 100 seeds  (100 stale: ['loop'])
  feasibility/random+surrogate: 100 seeds  (100 stale: ['loop'])
  gb1-anchor/genetic: 100 seeds  (100 stale: ['loop'])
  gb1-anchor/genetic+proxy: 100 seeds  (100 stale: ['loop'])
  gb1-anchor/genetic-feasible: 100 seeds  (100 stale: ['loop'])
  gb1-anchor/gfn-contrastive: 100 seeds  (100 stale: ['loop'])
  gb1-anchor/gfn-tb: 100 seeds  (100 stale: ['loop'])
  gb1-anchor/hill-climb: 100 seeds  (100 stale: ['loop'])
  gb1-anchor/random: 100 seeds  (100 stale: ['loop'])
  gb1-anchor/random+surrogate: 100 seeds  (100 stale: ['loop'])
  large-space/genetic: 30 seeds  (30 stale: ['loop'])
  large-space/genetic+proxy: 30 seeds  (30 stale: ['loop'])
  large-space/genetic-feasible: 30 seeds  (30 stale: ['loop'])
  large-space/gfn-contrastive: 30 seeds  (30 stale: ['loop'])
  large-space/gfn-tb: 30 seeds  (30 stale: ['loop'])
  large-space/hill-climb: 30 seeds  (30 stale: ['loop'])
  large-space/random: 30 seeds  (30 stale: ['loop'])
  large-space/random+surrogate: 30 seeds  (30 stale: ['loop'])
  objectives/gfn-contrastive: 50 seeds  (50 stale: ['loop'])
  objectives/gfn-db: 50 seeds  (50 stale: ['loop'])
  objectives/gfn-fldb: 50 seeds  (50 stale: ['loop'])
  objectives/gfn-subtb: 50 seeds  (50 stale: ['loop'])
  objectives/gfn-tb: 50 seeds  (50 stale: ['loop'])
  protocol-alde/genetic: 100 seeds  (100 stale: ['loop'])
  protocol-alde/genetic+proxy: 100 seeds  (100 stale: ['loop'])
  protocol-alde/genetic-feasible: 100 seeds  (82 stale: ['loop'])
  protocol-alde/gfn-tb: 66 seeds
  protocol-alde/hill-climb: 100 seeds  (100 stale: ['loop'])
  protocol-alde/random: 100 seeds  (100 stale: ['loop'])
  protocol-alde/random+surrogate: 100 seeds  (100 stale: ['loop'])
  protocol-evolvepro/genetic: 100 seeds
  protocol-evolvepro/genetic+proxy: 100 seeds
  protocol-evolvepro/genetic-feasible: 13 seeds
  protocol-evolvepro/hill-climb: 100 seeds  (72 stale: ['loop'])
  protocol-evolvepro/random: 100 seeds  (100 stale: ['loop'])
  protocol-evolvepro/random+surrogate: 100 seeds  (100 stale: ['loop'])
  rounds-4x96/genetic: 50 seeds  (50 stale: ['loop'])
  rounds-4x96/genetic+proxy: 50 seeds  (50 stale: ['loop'])
  rounds-4x96/genetic-feasible: 50 seeds  (50 stale: ['loop'])
  rounds-4x96/gfn-contrastive: 50 seeds  (50 stale: ['loop'])
  rounds-4x96/gfn-tb: 50 seeds  (50 stale: ['loop'])
  rounds-4x96/hill-climb: 50 seeds  (50 stale: ['loop'])
  rounds-4x96/random: 50 seeds  (50 stale: ['loop'])
  rounds-4x96/random+surrogate: 50 seeds  (50 stale: ['loop'])
  rounds-8x48/genetic: 50 seeds  (50 stale: ['loop'])
  rounds-8x48/genetic+proxy: 50 seeds  (50 stale: ['loop'])
  rounds-8x48/genetic-feasible: 50 seeds  (50 stale: ['loop'])
  rounds-8x48/gfn-contrastive: 50 seeds  (50 stale: ['loop'])
  rounds-8x48/gfn-tb: 50 seeds  (50 stale: ['loop'])
  rounds-8x48/hill-climb: 50 seeds  (50 stale: ['loop'])
  rounds-8x48/random: 50 seeds  (50 stale: ['loop'])
  rounds-8x48/random+surrogate: 50 seeds  (50 stale: ['loop'])
